2026-09-30 02:55:00,819 INFO HTTP Request: GET https://www.rogeriomenezes.com.br/ "HTTP/1.1 200 OK"
2026-09-30 02:55:02,363 INFO rogeriomenezes: 10 leilões de veículos na agenda
2026-09-30 02:55:02,440 INFO HTTP Request: GET https://www.rogeriomenezes.com.br/leilao/1626?page=1 "HTTP/1.1 200 OK"
2026-09-30 02:55:04,066 INFO HTTP Request: GET https://www.rogeriomenezes.com.br/leilao/1626?page=2 "HTTP/1.1 200 OK"
2026-09-30 02:55:05,713 INFO HTTP Request: GET https://www.rogeriomenezes.com.br/leilao/1626?page=3 "HTTP/1.1 200 OK"
2026-09-30 02:55:07,326 INFO HTTP Request: GET https://www.rogeriomenezes.com.br/leilao/1626?page=4 "HTTP/1.1 200 OK"
2026-09-30 02:55:08,941 INFO HTTP Request: GET https://www.rogeriomenezes.com.br/leilao/1626?page=5 "HTTP/1.1 200 OK"
2026-09-30 02:55:10,576 INFO HTTP Request: GET https://www.rogeriomenezes.com.br/leilao/1626?page=6 "HTTP/1.1 200 OK"
2026-09-30 02:55:12,197 INFO HTTP Request: GET https://www.rogeriomenezes.com.br/leilao/1626?page=7 "HTTP/1.1 200 OK"
2026-09-30 02:55:13,809 INFO HTTP Request: GET https://www.rogeriomenezes.com.br/leilao/1626?page=8 "HTTP/1.1 200 OK"
2026-09-30 02:55:15,413 INFO HTTP Request: GET https://www.rogeriomenezes.com.br/leilao/1626?page=9 "HTTP/1.1 200 OK"
2026-09-30 02:55:16,927 INFO   leilão 1626 (2026-10-01T13:00): 152 lotes
2026-09-30 02:55:17,146 INFO HTTP Request: GET https://www.rogeriomenezes.com.br/leilao/1627?page=1 "HTTP/1.1 200 OK"
2026-09-30 02:55:18,753 INFO HTTP Request: GET https://www.rogeriomenezes.com.br/leilao/1627?page=2 "HTTP/1.1 200 OK"
2026-09-30 02:55:20,345 INFO HTTP Request: GET https://www.rogeriomenezes.com.br/leilao/1627?page=3 "HTTP/1.1 200 OK"
2026-09-30 02:55:21,859 INFO   leilão 1627 (2026-10-05T13:00): 32 lotes
2026-09-30 02:55:21,954 INFO HTTP Request: GET https://www.rogeriomenezes.com.br/leilao/753?page=1 "HTTP/1.1 200 OK"
2026-09-30 02:55:23,467 INFO   leilão 753 (2026-10-07T13:00): 0 lotes
2026-09-30 02:55:23,531 INFO HTTP Request: GET https://www.rogeriomenezes.com.br/leilao/1443?page=1 "HTTP/1.1 200 OK"
2026-09-30 02:55:25,043 INFO   leilão 1443 (2026-10-08T13:00): 0 lotes
2026-09-30 02:55:25,117 INFO HTTP Request: GET https://www.rogeriomenezes.com.br/leilao/779?page=1 "HTTP/1.1 200 OK"
2026-09-30 02:55:26,630 INFO   leilão 779 (2026-10-14T13:00): 0 lotes
2026-09-30 02:55:26,699 INFO HTTP Request: GET https://www.rogeriomenezes.com.br/leilao/399?page=1 "HTTP/1.1 200 OK"
2026-09-30 02:55:28,212 INFO   leilão 399 (2026-10-15T13:00): 0 lotes
2026-09-30 02:55:28,280 INFO HTTP Request: GET https://www.rogeriomenezes.com.br/leilao/1328?page=1 "HTTP/1.1 200 OK"
2026-09-30 02:55:29,792 INFO   leilão 1328 (2026-10-19T13:00): 0 lotes
2026-09-30 02:55:29,862 INFO HTTP Request: GET https://www.rogeriomenezes.com.br/leilao/1332?page=1 "HTTP/1.1 200 OK"
2026-09-30 02:55:31,373 INFO   leilão 1332 (2026-10-21T13:00): 0 lotes
2026-09-30 02:55:31,444 INFO HTTP Request: GET https://www.rogeriomenezes.com.br/leilao/751?page=1 "HTTP/1.1 200 OK"
2026-09-30 02:55:32,957 INFO   leilão 751 (2026-10-22T13:00): 0 lotes
2026-09-30 02:55:33,027 INFO HTTP Request: GET https://www.rogeriomenezes.com.br/leilao/1270?page=1 "HTTP/1.1 200 OK"
2026-09-30 02:55:34,541 INFO   leilão 1270 (2026-11-09T13:00): 0 lotes
2026-09-30 02:55:35,699 INFO HTTP Request: GET https://fipe.parallelum.com.br/api/v2/cars/brands/31/models/10063/years "HTTP/1.1 200 OK"
2026-09-30 02:55:36,621 INFO HTTP Request: GET https://fipe.parallelum.com.br/api/v2/cars/brands/31/models/10063/years/2024-6 "HTTP/1.1 200 OK"
2026-09-30 02:55:37,522 INFO HTTP Request: GET https://fipe.parallelum.com.br/api/v2/cars/brands/33/models "HTTP/1.1 200 OK"
2026-09-30 02:55:38,590 INFO HTTP Request: GET https://fipe.parallelum.com.br/api/v2/cars/brands/33/models/11316/years "HTTP/1.1 200 OK"
2026-09-30 02:55:39,598 INFO HTTP Request: GET https://fipe.parallelum.com.br/api/v2/cars/brands/33/models/9348/years "HTTP/1.1 200 OK"
2026-09-30 02:55:40,529 INFO HTTP Request: GET https://fipe.parallelum.com.br/api/v2/cars/brands/33/models/8408/years "HTTP/1.1 200 OK"
2026-09-30 02:55:41,489 INFO HTTP Request: GET https://fipe.parallelum.com.br/api/v2/cars/brands/33/models/8408/years/2018-1 "HTTP/1.1 200 OK"
2026-09-30 02:55:42,480 INFO HTTP Request: GET https://fipe.parallelum.com.br/api/v2/cars/brands/25/models/11726/years "HTTP/1.1 200 OK"
2026-09-30 02:55:43,380 INFO HTTP Request: GET https://fipe.parallelum.com.br/api/v2/cars/brands/25/models/11726/years/2024-5 "HTTP/1.1 200 OK"
2026-09-30 02:55:44,275 INFO HTTP Request: GET https://fipe.parallelum.com.br/api/v2/cars/brands/21/models/12039/years "HTTP/1.1 200 OK"
2026-09-30 02:55:44,771 INFO HTTP Request: GET https://fipe.parallelum.com.br/api/v2/cars/brands/21/models/9493/years "HTTP/1.1 200 OK"
2026-09-30 02:55:45,262 INFO HTTP Request: GET https://fipe.parallelum.com.br/api/v2/cars/brands/21/models/9493/years/2025-5 "HTTP/1.1 200 OK"
2026-09-30 02:55:45,759 INFO HTTP Request: GET https://fipe.parallelum.com.br/api/v2/cars/brands/43/models/9336/years "HTTP/1.1 200 OK"
2026-09-30 02:55:46,253 INFO HTTP Request: GET https://fipe.parallelum.com.br/api/v2/cars/brands/43/models/9336/years/2022-5 "HTTP/1.1 200 OK"
2026-09-30 02:55:47,204 INFO HTTP Request: GET https://fipe.parallelum.com.br/api/v2/cars/brands/56/models/11888/years "HTTP/1.1 200 OK"
2026-09-30 02:55:48,142 INFO HTTP Request: GET https://fipe.parallelum.com.br/api/v2/cars/brands/56/models/11855/years "HTTP/1.1 200 OK"
2026-09-30 02:55:49,064 INFO HTTP Request: GET https://fipe.parallelum.com.br/api/v2/cars/brands/56/models/11856/years "HTTP/1.1 200 OK"
2026-09-30 02:55:49,986 INFO HTTP Request: GET https://fipe.parallelum.com.br/api/v2/cars/brands/56/models/11857/years "HTTP/1.1 200 OK"
2026-09-30 02:55:50,463 INFO HTTP Request: GET https://fipe.parallelum.com.br/api/v2/cars/brands/56/models/11858/years "HTTP/1.1 200 OK"
2026-09-30 02:55:51,409 INFO HTTP Request: GET https://fipe.parallelum.com.br/api/v2/cars/brands/23/models/6531/years "HTTP/1.1 200 OK"
2026-09-30 02:55:51,892 INFO HTTP Request: GET https://fipe.parallelum.com.br/api/v2/cars/brands/23/models/6531/years/2017-5 "HTTP/1.1 200 OK"
2026-09-30 02:55:52,859 INFO HTTP Request: GET https://fipe.parallelum.com.br/api/v2/cars/brands/22/models/7371/years "HTTP/1.1 200 OK"
2026-09-30 02:55:53,751 INFO HTTP Request: GET https://fipe.parallelum.com.br/api/v2/cars/brands/22/models/6159/years "HTTP/1.1 200 OK"
2026-09-30 02:55:54,683 INFO HTTP Request: GET https://fipe.parallelum.com.br/api/v2/cars/brands/22/models/6160/years "HTTP/1.1 200 OK"
2026-09-30 02:55:55,179 INFO HTTP Request: GET https://fipe.parallelum.com.br/api/v2/cars/brands/56/models/9726/years "HTTP/1.1 200 OK"
2026-09-30 02:55:55,666 INFO HTTP Request: GET https://fipe.parallelum.com.br/api/v2/cars/brands/56/models/8934/years "HTTP/1.1 200 OK"
2026-09-30 02:55:56,589 INFO HTTP Request: GET https://fipe.parallelum.com.br/api/v2/cars/brands/56/models/8935/years "HTTP/1.1 200 OK"
2026-09-30 02:55:57,059 INFO HTTP Request: GET https://fipe.parallelum.com.br/api/v2/cars/brands/56/models/8936/years "HTTP/1.1 200 OK"
2026-09-30 02:55:57,560 INFO HTTP Request: GET https://fipe.parallelum.com.br/api/v2/cars/brands/56/models/8937/years "HTTP/1.1 200 OK"
2026-09-30 02:55:58,039 INFO HTTP Request: GET https://fipe.parallelum.com.br/api/v2/cars/brands/22/models/8006/years/2019-5 "HTTP/1.1 200 OK"
2026-09-30 02:55:58,938 INFO HTTP Request: GET https://fipe.parallelum.com.br/api/v2/cars/brands/59/models/4690/years "HTTP/1.1 200 OK"
2026-09-30 02:55:59,875 INFO HTTP Request: GET https://fipe.parallelum.com.br/api/v2/cars/brands/59/models/4930/years "HTTP/1.1 200 OK"
2026-09-30 02:56:00,390 INFO HTTP Request: GET https://fipe.parallelum.com.br/api/v2/cars/brands/59/models/2528/years "HTTP/1.1 200 OK"
2026-09-30 02:56:00,912 INFO HTTP Request: GET https://fipe.parallelum.com.br/api/v2/cars/brands/59/models/2529/years "HTTP/1.1 200 OK"
2026-09-30 02:56:01,890 INFO HTTP Request: GET https://fipe.parallelum.com.br/api/v2/cars/brands/59/models/2529/years/2008-1 "HTTP/1.1 200 OK"
2026-09-30 02:56:02,396 INFO HTTP Request: GET https://fipe.parallelum.com.br/api/v2/cars/brands/23/models/9588/years "HTTP/1.1 200 OK"
2026-09-30 02:56:03,473 INFO HTTP Request: GET https://fipe.parallelum.com.br/api/v2/cars/brands/23/models/6584/years "HTTP/1.1 200 OK"
2026-09-30 02:56:03,975 INFO HTTP Request: GET https://fipe.parallelum.com.br/api/v2/cars/brands/23/models/6585/years "HTTP/1.1 200 OK"
2026-09-30 02:56:04,911 INFO HTTP Request: GET https://fipe.parallelum.com.br/api/v2/cars/brands/23/models/7456/years "HTTP/1.1 200 OK"
2026-09-30 02:56:05,832 INFO HTTP Request: GET https://fipe.parallelum.com.br/api/v2/cars/brands/23/models/7257/years "HTTP/1.1 200 OK"
2026-09-30 02:56:06,314 INFO HTTP Request: GET https://fipe.parallelum.com.br/api/v2/cars/brands/21/models/524/years "HTTP/1.1 200 OK"
2026-09-30 02:56:06,791 INFO HTTP Request: GET https://fipe.parallelum.com.br/api/v2/cars/brands/21/models/524/years/2007-1 "HTTP/1.1 200 OK"
2026-09-30 02:56:07,301 INFO HTTP Request: GET https://fipe.parallelum.com.br/api/v2/cars/brands/23/models/995/years "HTTP/1.1 200 OK"
2026-09-30 02:56:07,786 INFO HTTP Request: GET https://fipe.parallelum.com.br/api/v2/cars/brands/23/models/995/years/2012-5 "HTTP/1.1 200 OK"
2026-09-30 02:56:08,725 INFO HTTP Request: GET https://fipe.parallelum.com.br/api/v2/cars/brands/59/models/4689/years/2011-5 "HTTP/1.1 200 OK"
2026-09-30 02:56:09,210 INFO HTTP Request: GET https://fipe.parallelum.com.br/api/v2/cars/brands/44/models/6545/years "HTTP/1.1 200 OK"
2026-09-30 02:56:10,183 INFO HTTP Request: GET https://fipe.parallelum.com.br/api/v2/cars/brands/44/models/6545/years/2013-5 "HTTP/1.1 200 OK"
2026-09-30 02:56:10,689 INFO HTTP Request: GET https://fipe.parallelum.com.br/api/v2/cars/brands/22/models/6914/years "HTTP/1.1 200 OK"
2026-09-30 02:56:11,604 INFO HTTP Request: GET https://fipe.parallelum.com.br/api/v2/cars/brands/13/models/6835/years "HTTP/1.1 200 OK"
2026-09-30 02:56:12,508 INFO HTTP Request: GET https://fipe.parallelum.com.br/api/v2/cars/brands/13/models/7585/years "HTTP/1.1 200 OK"
2026-09-30 02:56:14,441 INFO HTTP Request: GET https://fipe.parallelum.com.br/api/v2/cars/brands/13/models/6152/years "HTTP/1.1 200 OK"
2026-09-30 02:56:16,385 INFO HTTP Request: GET https://fipe.parallelum.com.br/api/v2/cars/brands/21/models/10837/years "HTTP/1.1 200 OK"
2026-09-30 02:56:18,354 INFO HTTP Request: GET https://fipe.parallelum.com.br/api/v2/cars/brands/21/models/10837/years/2024-5 "HTTP/1.1 200 OK"
2026-09-30 02:56:20,279 INFO HTTP Request: GET https://fipe.parallelum.com.br/api/v2/cars/brands/26/models/8858/years "HTTP/1.1 200 OK"
2026-09-30 02:56:22,244 INFO HTTP Request: GET https://fipe.parallelum.com.br/api/v2/cars/brands/26/models/8858/years/2022-5 "HTTP/1.1 200 OK"
2026-09-30 02:56:24,202 INFO HTTP Request: GET https://fipe.parallelum.com.br/api/v2/cars/brands/56/models/5194/years "HTTP/1.1 200 OK"
2026-09-30 02:56:26,120 INFO HTTP Request: GET https://fipe.parallelum.com.br/api/v2/cars/brands/56/models/5194/years/2016-5 "HTTP/1.1 200 OK"
2026-09-30 02:56:28,072 INFO HTTP Request: GET https://fipe.parallelum.com.br/api/v2/cars/brands/59/models/8070/years "HTTP/1.1 200 OK"
2026-09-30 02:56:29,569 INFO HTTP Request: GET https://fipe.parallelum.com.br/api/v2/cars/brands/59/models/2527/years "HTTP/1.1 200 OK"
2026-09-30 02:56:31,047 INFO HTTP Request: GET https://fipe.parallelum.com.br/api/v2/cars/brands/59/models/10107/years "HTTP/1.1 200 OK"
2026-09-30 02:56:32,961 INFO HTTP Request: GET https://fipe.parallelum.com.br/api/v2/cars/brands/59/models/10107/years/2024-5 "HTTP/1.1 200 OK"
2026-09-30 02:56:34,451 INFO HTTP Request: GET https://fipe.parallelum.com.br/api/v2/cars/brands/43/models/1823/years "HTTP/1.1 200 OK"
2026-09-30 02:56:35,961 INFO HTTP Request: GET https://fipe.parallelum.com.br/api/v2/cars/brands/43/models/1824/years "HTTP/1.1 200 OK"
2026-09-30 02:56:37,882 INFO HTTP Request: GET https://fipe.parallelum.com.br/api/v2/cars/brands/43/models/1825/years "HTTP/1.1 200 OK"
2026-09-30 02:56:39,368 INFO HTTP Request: GET https://fipe.parallelum.com.br/api/v2/cars/brands/43/models/10572/years "HTTP/1.1 200 OK"
2026-09-30 02:56:40,880 INFO HTTP Request: GET https://fipe.parallelum.com.br/api/v2/cars/brands/43/models/10572/years/2025-1 "HTTP/1.1 200 OK"
2026-09-30 02:56:42,366 INFO HTTP Request: GET https://fipe.parallelum.com.br/api/v2/cars/brands/13/models/11217/years "HTTP/1.1 200 OK"
2026-09-30 02:56:44,322 INFO HTTP Request: GET https://fipe.parallelum.com.br/api/v2/cars/brands/13/models/11217/years/2025-5 "HTTP/1.1 200 OK"
2026-09-30 02:56:45,821 INFO HTTP Request: GET https://fipe.parallelum.com.br/api/v2/cars/brands/56/models/9300/years "HTTP/1.1 200 OK"
2026-09-30 02:56:47,303 INFO HTTP Request: GET https://fipe.parallelum.com.br/api/v2/cars/brands/56/models/9300/years/2022-5 "HTTP/1.1 200 OK"
2026-09-30 02:56:49,267 INFO HTTP Request: GET https://fipe.parallelum.com.br/api/v2/cars/brands/23/models/1096/years "HTTP/1.1 200 OK"
2026-09-30 02:56:50,734 INFO HTTP Request: GET https://fipe.parallelum.com.br/api/v2/cars/brands/23/models/10401/years "HTTP/1.1 200 OK"
2026-09-30 02:56:52,217 INFO HTTP Request: GET https://fipe.parallelum.com.br/api/v2/cars/brands/23/models/4383/years "HTTP/1.1 200 OK"
2026-09-30 02:56:53,716 INFO HTTP Request: GET https://fipe.parallelum.com.br/api/v2/cars/brands/23/models/1097/years "HTTP/1.1 200 OK"
2026-09-30 02:56:55,201 INFO HTTP Request: GET https://fipe.parallelum.com.br/api/v2/cars/brands/23/models/5107/years "HTTP/1.1 200 OK"
[carros-geral]   99%     R$ 1.100  CITROëN JUMPY FURGAO PK 2020/2021 DIESEL
[carros-geral]   99%     R$ 1.100  GM - CHEVROLET TRACKER T A 2022/2022 FLEX
[carros-geral]   98%     R$ 2.300  BYD SONG PRO GL DM 1.5 2024/2025 HíBRIDO
[carros-geral]   98%     R$ 2.300  HYUNDAI CRETA 1TF NLINE 2024/2025 FLEX
[carros-geral]   98%     R$ 1.100  PEUGEOT 2008 ALLURE AT 1.6 2016/2017 FLEX
[carros-geral]   95%     R$ 2.300  JEEP RENEGADE LNGTD AT 1.8 2017/2018 FLEX
[carros-geral]   92%     R$ 2.300  RENAULT KWID INTENS 1.0MT 2018/2019 FLEX
[carros-geral]   52%    R$ 33.800  BMW X1 S 2.0 I ACTIVE 2016/2016 FLEX
[carros-geral]   47%    R$ 22.040  FIAT ARGO DRIVE 1.0 2022/2022 FLEX
[motos-geral]   47%    R$ 13.910  MOTO KAWASAKI NINJA 500 2026/2026 GASOLINA
[carros-geral]   46%    R$ 27.500  SUZUKI JIMNY 4 ALL 1.3 2017/2017 GASOLINA
[carros-geral]   46%    R$ 23.930  TOYOTA ETIOS SD PLT 1.5 AT 2017/2018 FLEX
[carros-geral]   46%    R$ 17.060  RENAULT KWID INTENS 1.0MT 2018/2018 FLEX
[motos-geral]   45%    R$ 15.440  MOTO ROYAL ENFIELD SHOTGUN 650CC ABS 2025/2026 GASOLINA
[carros-geral]   44%    R$ 55.850  HONDA HR-V 2022/2023 FLEX
[carros-geral]   44%    R$ 56.750  JEEP RENEGADE SPT 270 1.3 2025/2025 FLEX
[motos-geral]   43%     R$ 9.140  MOTO YAMAHA AEROX 160 2026/2026 GASOLINA
[motos-geral]   43%    R$ 11.240  MOTO ROYAL ENFIELD CLASSIC 350 2025/2026 GASOLINA
[carros-geral]   43%    R$ 87.200  BYD SONG PLUS GS DM 2024/2025 HíBRIDO
[carros-geral]   42%    R$ 64.670  FIAT TORO VOLC AT9 4X4  2.0 2024/2025 DIESEL
[motos-geral]   42%    R$ 36.650  MOTO SUZUKI GSX 1300RA 2019/2020 GASOLINA
[carros-geral]   42%    R$ 26.030  TOYOTA ETIOS SD X 1.5L AT 2017/2018 FLEX
[carros-geral]   41%    R$ 45.350  CAOA CHERY TIGGO 5 X PRO 1.5 2022/2023 FLEX
[carros-geral]   41%    R$ 47.300  GM - CHEVROLET TRACKER T A LTZ 2022/2023 FLEX
[carros-geral]   41%    R$ 38.000  HYUNDAI CRETA  2.0 A PRESTI 2018/2019 FLEX
[carros-geral]   39%    R$ 17.420  FIAT SIENA ESSENCE 1.6 2017/2017 FLEX
[carros-geral]   38%    R$ 28.340  PEUGEOT 2008 ALLURE PK 1.6 2021/2022 FLEX
[motos-geral]   38%    R$ 15.440  MOTO YAMAHA XTZ 250 LANDER 2025/2025 GASOLINA
[motos-geral]   37%    R$ 48.350  MOTO KAWASAKI Z H2 2025/2025 GASOLINA
[motos-geral]   37%     R$ 9.980  MOTO HONDA CG 160 CARGO 2025/2025 FLEX
[carros-geral]   36%    R$ 26.450  FORD KA 100 ANOS AT 1.5 2019/2020 FLEX
[motos-geral]   36%     R$ 9.560  MOTO ROYAL ENFIELD HUNTER 350 2023/2024 GASOLINA
[motos-geral]   34%    R$ 16.220  MOTO YAMAHA YZF R3 ABS 321 2025/2026 GASOLINA
[motos-geral]   34%    R$ 16.490  MOTO ZONTES ZONTES GK 350 2024/2025 GASOLINA
[motos-geral]   34%    R$ 16.490  MOTO KAWASAKI NINJA 300 2026/2026 GASOLINA
[motos-geral]   34%     R$ 7.610  MOTO YAMAHA FZ15 150 FAZER ABS 2022/2023 FLEX
[carros-geral]   33%    R$ 28.130  RENAULT DUSTER 1.6D 4X2 2016/2017 FLEX
[carros-geral]   33%    R$ 28.760  TOYOTA ETIOS HB PLT 1.5 AT 2016/2017 FLEX
[motos-geral]   33%    R$ 18.380  MOTO YAMAHA MT-03 2024/2025 GASOLINA
[carros-geral]   33%    R$ 29.810  RENAULT DUSTER 1.6 D CVT 2017/2018 FLEX
[motos-geral]   32%    R$ 11.030  MOTO HONDA PCX 160 DLX ABS 2024/2024 GASOLINA
[carros-geral]   31%    R$ 44.150  HONDA CITY PERSONAL 1.5 2018/2018 FLEX
[motos-geral]   31%    R$ 11.660  MOTO YAMAHA XTZ 250 2018/2019 GASOLINA
[motos-geral]   31%    R$ 15.020  MOTO HONDA XRE 190 ADV 2025/2025 FLEX
[motos-geral]   31%    R$ 29.300  MOTO YAMAHA MT-09 2019/2020 GASOLINA
[motos-geral]   31%    R$ 19.430  MOTO BMW G 310 GS 2024/2024 GASOLINA
[carros-geral]   30%    R$ 88.460  HONDA ZR-V TOURING 2.0 2024/2024 GASOLINA
[motos-geral]   30%    R$ 12.290  MOTO HONDA CG 160 2025/2026 FLEX
[motos-geral]   30%     R$ 8.870  MOTO YAMAHA FZ25 FAZER 2019/2020 FLEX
[carros-geral]   29%    R$ 39.260  HYUNDAI CRETA 1.6A PULSE 2017/2017 FLEX
[carros-geral]   29%    R$ 27.290  FORD ECOSPORT SE AT 1.6B 2015/2016 FLEX
[motos-geral]   29%    R$ 12.920  MOTO HONDA ADV 150 2023/2023 GASOLINA
[motos-geral]   29%    R$ 18.590  MOTO HONDA CBR 500R 2018/2018 GASOLINA
[carros-geral]   29%    R$ 42.050  PEUGEOT 208 ALLURE 1AT 1.6 2021/2022 FLEX
[motos-geral]   27%    R$ 15.860  MOTO HONDA XRE 190 ADV 2025/2025 FLEX
[motos-geral]   27%    R$ 34.700  MOTO KAWASAKI NINJA ZX-6R 2025/2025 GASOLINA
[carros-geral]   27%    R$ 64.310  HONDA HR-V EXL CVT 1.8 2018/2019 FLEX
[motos-geral]   26%     R$ 7.820  MOTO YAMAHA FLUO 125 2025/2026 GASOLINA
[motos-geral]   26%     R$ 9.290  MOTO ROYAL ENFIELD HUNTER 350 2025/2025 GASOLINA
[carros-geral]   25%    R$ 43.100  HYUNDAI HB20S 1.6  A PREM 2018/2019 FLEX
[motos-geral]   25%    R$ 12.440  MOTO YAMAHA FZ25 250 FAZER 2025/2025 GASOLINA
[motos-geral]   24%    R$ 23.630  MOTO KAWASAKI NINJA 650 2025/2025 GASOLINA
[motos-geral]   23%    R$ 10.610  MOTO YAMAHA NMAX 160 2020/2021 GASOLINA
[motos-geral]   22%    R$ 12.710  MOTO HONDA PCX 160 DLX ABS 2024/2024 GASOLINA
[motos-geral]   21%    R$ 14.960  MOTO ROYAL ENFIELD HIMALAYAN 450 2025/2026 GASOLINA
[motos-geral]   21%     R$ 8.660  MOTO HONDA CG 160 START 2022/2023 GASOLINA
32 alertas urgentes pendentes
  99%  custo    R$ 1.100  FIPE  R$ 112.316  pequena       CITROëN JUMPY FURGAO PK 2020/2021 DIESEL
       https://www.rogeriomenezes.com.br/lote/143801/citroen-jumpy-furgao-pk-2020-2021-diesel
  99%  custo    R$ 1.100  FIPE   R$ 89.556  pequena       GM - CHEVROLET TRACKER T A 2022/2022 FLEX
       https://www.rogeriomenezes.com.br/lote/143855/gm-chevrolet-tracker-t-a-2022-2022-flex
  98%  custo    R$ 1.100  FIPE   R$ 60.020  pequena       FIAT STRADA WORKING 1.4 2015/2015 FLEX
       https://www.rogeriomenezes.com.br/lote/143854/fiat-strada-working-1-4-2015-2015-flex
  98%  custo    R$ 2.300  FIPE  R$ 149.843  media         BYD SONG PRO GL DM 1.5 2024/2025 HíBRIDO
       https://www.rogeriomenezes.com.br/lote/143802/byd-song-pro-gl-dm-1-5-2024-2025-hibrido
  98%  custo    R$ 2.300  FIPE  R$ 147.427  media         HYUNDAI CRETA 1TF NLINE 2024/2025 FLEX
       https://www.rogeriomenezes.com.br/lote/143853/hyundai-creta-1tf-nline-2024-2025-flex
  98%  custo    R$ 1.100  FIPE   R$ 52.161  pequena       PEUGEOT 2008 ALLURE AT 1.6 2016/2017 FLEX
       https://www.rogeriomenezes.com.br/lote/143799/peugeot-2008-allure-at-1-6-2016-2017-flex
  96%  custo    R$ 1.100  FIPE   R$ 34.594  pequena       FORD KA SE 1.0 SD 2015/2015 FLEX
       https://www.rogeriomenezes.com.br/lote/143858/ford-ka-se-1-0-sd-2015-2015-flex
  96%  custo    R$ 1.100  FIPE   R$ 32.549  pequena       FIAT SIENA EL 1.4 2011/2012 FLEX
       https://www.rogeriomenezes.com.br/lote/143803/fiat-siena-el-1-4-2011-2012-flex
  95%  custo    R$ 2.300  FIPE   R$ 66.973  media         JEEP RENEGADE LNGTD AT 1.8 2017/2018 FLEX
       https://www.rogeriomenezes.com.br/lote/143856/jeep-renegade-lngtd-at-1-8-2017-2018-flex
  93%  custo    R$ 2.300  FIPE   R$ 50.452  media         FORD ECOSPORT FSL 1.6 2012/2013 FLEX
       https://www.rogeriomenezes.com.br/lote/143798/ford-ecosport-fsl-1-6-2012-2013-flex
  93%  custo    R$ 2.300  FIPE   R$ 44.293  media         HONDA CIVIC LXS 1.8 2008/2008 FLEX
       https://www.rogeriomenezes.com.br/lote/143876/honda-civic-lxs-1-8-2008-2008-flex
  92%  custo    R$ 2.300  FIPE   R$ 39.116  media         RENAULT KWID INTENS 1.0MT 2018/2019 FLEX
       https://www.rogeriomenezes.com.br/lote/143859/renault-kwid-intens-1-0mt-2018-2019-flex
  91%  custo    R$ 2.300  FIPE   R$ 34.753  media         GM - CHEVROLET COBALT 1.4 LT 2011/2012 FLEX
       https://www.rogeriomenezes.com.br/lote/143877/gm-chevrolet-cobalt-1-4-lt-2011-2012-flex
  90%  custo    R$ 2.300  FIPE   R$ 32.789  media         FIAT PUNTO ESSEN 1.6 DL 2011/2012 FLEX
       https://www.rogeriomenezes.com.br/lote/143860/fiat-punto-essen-1-6-dl-2011-2012-flex
  89%  custo      R$ 950  FIPE    R$ 9.886  pequena       MOTO HONDA CG 150 TITAN MIX EX 2010/2010 FLEX
       https://www.rogeriomenezes.com.br/lote/143930/moto-honda-cg-150-titan-mix-ex-2010-2010-flex
